// Jest Snapshot v1, https://goo.gl/fbAQLP

exports[`StatusDropdown.vue snapshot 1`] = `
<div
  class="dropdown is-right"
>
  <div
    class="dropdown-trigger"
  >
    <button
      class="button is-info is-light"
    >
      <span>
        Read
      </span>
    </button>
  </div>
   
  <div
    class="dropdown-menu"
    id="dropdown-menu"
    role="menu"
  >
    <div
      class="dropdown-content"
    >
      <a
        class="dropdown-item"
      >
        
                Unread
            
      </a>
      <a
        class="dropdown-item is-active"
      >
        
                Read
            
      </a>
      <a
        class="dropdown-item"
      >
        
                Spam
            
      </a>
    </div>
  </div>
</div>
`;
